func MyFunction(myVar my_pkg.MyType) someotherpkg.OtherType {
}
