func MyFunction() (nice_package.MyStruct, other_package.OtherStruct) {

	return nice_package.MyStruct{}, other_package.OtherStruct{}
}
