func SomeWrapper(
	ctx context.Context,
	myArg1 string,
	myArg2 float64,
) (int32, wrap.MyStruct, error) {

	return wrap.SomeFuncToWrap(
		ctx,
		myArg1,
		myArg2,
	)
}
