func SomeWrapper(
	ctx context.Context,
	a float64,
	b float64,
) (float64, error) {

	ret, err := SomeFuncToWrap(
		ctx,
		a,
		b,
	)
	if err != nil {
		return 0, errors.Wrap(err, "wrapped error")
	}
	return ret, nil
}
