type MyStrct struct {
	SomeValue int
	SomeOtherValue float64
}
