type MyStrct struct {
	MapOfThings map[string]pkgpath.CustomContainer
	OtherThing otherimport.ThingType
}
