type MyCustomMap map[string]pkgpath.CustomContainer
